// Jest Snapshot v1, https://goo.gl/fbAQLP

exports[`TodoList displays a list of tasks 1`] = `
<DocumentFragment>
  <ul
    class="sc-ivTmOn eSbCPB"
  >
    <li
      class="sc-hHLeRK kIcZGb"
    >
      <label
        class="sc-kgflAQ kTxDAi"
      >
        <input
          checked=""
          class="sc-dmRaPn dHNLyZ"
          type="checkbox"
        />
        <div
          class="sc-fLlhyt lpoVEp"
        />
      </label>
      <a
        href="/task/Reading"
      >
        <div
          class="sc-bBrHrO cxXXrc"
        >
          Reading
        </div>
      </a>
    </li>
    <li
      class="sc-hHLeRK kIcZGb"
    >
      <label
        class="sc-kgflAQ kTxDAi"
      >
        <input
          checked=""
          class="sc-dmRaPn dHNLyZ"
          type="checkbox"
        />
        <div
          class="sc-fLlhyt lpoVEp"
        />
      </label>
      <a
        href="/task/Shopping"
      >
        <div
          class="sc-bBrHrO cxXXrc"
        >
          Shopping
        </div>
      </a>
    </li>
    <li
      class="sc-hHLeRK kIcZGb"
    >
      <label
        class="sc-kgflAQ kTxDAi"
      >
        <input
          class="sc-dmRaPn dHNLyZ"
          type="checkbox"
        />
        <div
          class="sc-fLlhyt lpoVEp"
        />
      </label>
      <a
        href="/task/Github"
      >
        <div
          class="sc-bBrHrO dVkIRI"
        >
          Github
        </div>
      </a>
    </li>
    <li
      class="sc-hHLeRK kIcZGb"
    >
      <label
        class="sc-kgflAQ kTxDAi"
      >
        <input
          class="sc-dmRaPn dHNLyZ"
          type="checkbox"
        />
        <div
          class="sc-fLlhyt lpoVEp"
        />
      </label>
      <a
        href="/task/Writing"
      >
        <div
          class="sc-bBrHrO dVkIRI"
        >
          Writing
        </div>
      </a>
    </li>
  </ul>
</DocumentFragment>
`;
